// Jest Snapshot v1, https://goo.gl/fbAQLP

exports[`Simple test should work 1`] = `
"mongo: running
vimagick/json-server: running"
`;
